2026-09-03 20:06:16,521 [INFO] run_id=ablation-ABC-seed1_20260904T000616Z_e68246c4 git_commit=unknown
2026-09-03 20:06:16,526 [INFO] branches=('A', 'B', 'C') extra_precip=False seed=1 tag=ABC
2026-09-03 20:06:19,113 [INFO] sample table n=2054475 exclusions={'cells_dropped_no_cluster_assignment': 0, 'candidate_grid_weeks_before_exclusion': 2054475, 'excluded_missing_branch_a': 0, 'excluded_missing_branch_b_window': 0, 'excluded_missing_precip_history': 0, 'excluded_missing_target': 0, 'kept_samples': 2054475}
2026-09-03 20:06:19,270 [INFO] split counts: {'test': 412880, 'train': 1435155, 'val': 206440}
2026-09-03 20:06:28,508 [INFO] device=cuda train n=1435155 val n=206440 test n=412880
2026-09-03 20:06:47,155 [INFO] tag=ABC seed=1 epoch=0 train_loss_std=0.3309 val_rmse_fwi=14.4341
2026-09-03 20:07:04,610 [INFO] tag=ABC seed=1 epoch=1 train_loss_std=0.2658 val_rmse_fwi=14.3496
2026-09-03 20:07:22,070 [INFO] tag=ABC seed=1 epoch=2 train_loss_std=0.2453 val_rmse_fwi=14.2688
2026-09-03 20:07:39,536 [INFO] tag=ABC seed=1 epoch=3 train_loss_std=0.2331 val_rmse_fwi=14.2861
2026-09-03 20:07:57,003 [INFO] tag=ABC seed=1 epoch=4 train_loss_std=0.2242 val_rmse_fwi=14.1078
2026-09-03 20:08:14,471 [INFO] tag=ABC seed=1 epoch=5 train_loss_std=0.2176 val_rmse_fwi=14.3282
2026-09-03 20:08:31,944 [INFO] tag=ABC seed=1 epoch=6 train_loss_std=0.2116 val_rmse_fwi=14.4988
2026-09-03 20:08:49,418 [INFO] tag=ABC seed=1 epoch=7 train_loss_std=0.2070 val_rmse_fwi=14.5269
2026-09-03 20:09:06,891 [INFO] tag=ABC seed=1 epoch=8 train_loss_std=0.2031 val_rmse_fwi=14.6459
2026-09-03 20:09:24,368 [INFO] tag=ABC seed=1 epoch=9 train_loss_std=0.1997 val_rmse_fwi=14.4340
2026-09-03 20:09:41,845 [INFO] tag=ABC seed=1 epoch=10 train_loss_std=0.1966 val_rmse_fwi=14.4638
2026-09-03 20:09:59,322 [INFO] tag=ABC seed=1 epoch=11 train_loss_std=0.1937 val_rmse_fwi=14.4037
2026-09-03 20:10:16,801 [INFO] tag=ABC seed=1 epoch=12 train_loss_std=0.1915 val_rmse_fwi=14.5672
2026-09-03 20:10:16,802 [INFO] early stopping at epoch=12 (best val_rmse_fwi=14.1078)
2026-09-03 20:10:20,693 [INFO] DONE tag=ABC seed=1 pooled_all={'units': 'fwi', 'n': 412880, 'kge': 0.8494086291881573, 'r': 0.8864134522193904, 'alpha': 0.9011477748103042, 'beta': 0.997976463165928, 'r2': 0.7855035357640535, 'rmse': 14.746009381463844, 'mae': 10.45816837998193, 'nrmse': 0.46313762990707896, 'group': 'All'} wall_time=244s
