2026-09-04 14:23:52,440 [INFO] run_id=ablation-C-seed1_20260904T182352Z_526718ac git_commit=1ee7ddb221dfc3a9219ba970d2ec928831ebbe94
2026-09-04 14:23:52,444 [INFO] branches=('C',) extra_precip=False seed=1 tag=C
2026-09-04 14:23:55,053 [INFO] sample table n=2054475 exclusions={'cells_dropped_no_cluster_assignment': 0, 'candidate_grid_weeks_before_exclusion': 2054475, 'excluded_missing_branch_a': 0, 'excluded_missing_branch_b_window': 0, 'excluded_missing_precip_history': 0, 'excluded_missing_target': 0, 'kept_samples': 2054475}
2026-09-04 14:23:55,212 [INFO] split counts: {'test': 412880, 'train': 1435155, 'val': 206440}
2026-09-04 14:23:55,902 [INFO] device=cuda train n=1435155 val n=206440 test n=412880
2026-09-04 14:23:58,646 [INFO] tag=C seed=1 epoch=0 train_loss_std=1.0004 val_rmse_fwi=23.6990
2026-09-04 14:23:59,839 [INFO] tag=C seed=1 epoch=1 train_loss_std=1.0000 val_rmse_fwi=23.7027
2026-09-04 14:24:00,933 [INFO] tag=C seed=1 epoch=2 train_loss_std=1.0000 val_rmse_fwi=23.7086
2026-09-04 14:24:02,027 [INFO] tag=C seed=1 epoch=3 train_loss_std=1.0000 val_rmse_fwi=23.7055
2026-09-04 14:24:03,122 [INFO] tag=C seed=1 epoch=4 train_loss_std=1.0000 val_rmse_fwi=23.7000
2026-09-04 14:24:04,219 [INFO] tag=C seed=1 epoch=5 train_loss_std=1.0000 val_rmse_fwi=23.7082
2026-09-04 14:24:05,316 [INFO] tag=C seed=1 epoch=6 train_loss_std=1.0000 val_rmse_fwi=23.6916
2026-09-04 14:24:06,411 [INFO] tag=C seed=1 epoch=7 train_loss_std=1.0000 val_rmse_fwi=23.7188
2026-09-04 14:24:07,507 [INFO] tag=C seed=1 epoch=8 train_loss_std=1.0000 val_rmse_fwi=23.7132
2026-09-04 14:24:08,603 [INFO] tag=C seed=1 epoch=9 train_loss_std=1.0000 val_rmse_fwi=23.7111
2026-09-04 14:24:09,700 [INFO] tag=C seed=1 epoch=10 train_loss_std=1.0000 val_rmse_fwi=23.7146
2026-09-04 14:24:10,796 [INFO] tag=C seed=1 epoch=11 train_loss_std=1.0000 val_rmse_fwi=23.7121
2026-09-04 14:24:11,892 [INFO] tag=C seed=1 epoch=12 train_loss_std=1.0000 val_rmse_fwi=23.6908
2026-09-04 14:24:12,991 [INFO] tag=C seed=1 epoch=13 train_loss_std=1.0000 val_rmse_fwi=23.7035
2026-09-04 14:24:14,087 [INFO] tag=C seed=1 epoch=14 train_loss_std=1.0000 val_rmse_fwi=23.7056
2026-09-04 14:24:15,184 [INFO] tag=C seed=1 epoch=15 train_loss_std=1.0000 val_rmse_fwi=23.6930
2026-09-04 14:24:16,281 [INFO] tag=C seed=1 epoch=16 train_loss_std=1.0000 val_rmse_fwi=23.7010
2026-09-04 14:24:17,379 [INFO] tag=C seed=1 epoch=17 train_loss_std=1.0000 val_rmse_fwi=23.6977
2026-09-04 14:24:18,476 [INFO] tag=C seed=1 epoch=18 train_loss_std=1.0000 val_rmse_fwi=23.7044
2026-09-04 14:24:19,574 [INFO] tag=C seed=1 epoch=19 train_loss_std=1.0000 val_rmse_fwi=23.7069
2026-09-04 14:24:20,671 [INFO] tag=C seed=1 epoch=20 train_loss_std=1.0000 val_rmse_fwi=23.7186
2026-09-04 14:24:20,671 [INFO] early stopping at epoch=20 (best val_rmse_fwi=23.6908)
2026-09-04 14:24:21,457 [INFO] DONE tag=C seed=1 pooled_all={'units': 'fwi', 'n': 412880, 'kge': 0.3069363028595483, 'r': 0.5305805076732657, 'alpha': 0.4904580448315515, 'beta': 1.0186982469985164, 'r2': 0.2792080788547905, 'rmse': 27.03145309800066, 'mae': 21.083854355566256, 'nrmse': 0.8489946531900008, 'group': 'All'} wall_time=29s
