2026-09-03 19:58:04,335 [INFO] run_id=ablation-AB-seed3_20260903T235804Z_9ba7e477 git_commit=unknown
2026-09-03 19:58:04,340 [INFO] branches=('A', 'B') extra_precip=False seed=3 tag=AB
2026-09-03 19:58:06,967 [INFO] sample table n=2054475 exclusions={'cells_dropped_no_cluster_assignment': 0, 'candidate_grid_weeks_before_exclusion': 2054475, 'excluded_missing_branch_a': 0, 'excluded_missing_branch_b_window': 0, 'excluded_missing_precip_history': 0, 'excluded_missing_target': 0, 'kept_samples': 2054475}
2026-09-03 19:58:07,123 [INFO] split counts: {'test': 412880, 'train': 1435155, 'val': 206440}
2026-09-03 19:58:15,446 [INFO] device=cuda train n=1435155 val n=206440 test n=412880
2026-09-03 19:58:33,938 [INFO] tag=AB seed=3 epoch=0 train_loss_std=0.3338 val_rmse_fwi=14.3367
2026-09-03 19:58:51,320 [INFO] tag=AB seed=3 epoch=1 train_loss_std=0.2676 val_rmse_fwi=14.6680
2026-09-03 19:59:08,708 [INFO] tag=AB seed=3 epoch=2 train_loss_std=0.2476 val_rmse_fwi=14.8090
2026-09-03 19:59:26,103 [INFO] tag=AB seed=3 epoch=3 train_loss_std=0.2354 val_rmse_fwi=14.3047
2026-09-03 19:59:43,500 [INFO] tag=AB seed=3 epoch=4 train_loss_std=0.2262 val_rmse_fwi=14.2025
2026-09-03 20:00:00,901 [INFO] tag=AB seed=3 epoch=5 train_loss_std=0.2201 val_rmse_fwi=14.1589
2026-09-03 20:00:18,302 [INFO] tag=AB seed=3 epoch=6 train_loss_std=0.2139 val_rmse_fwi=14.3815
2026-09-03 20:00:35,709 [INFO] tag=AB seed=3 epoch=7 train_loss_std=0.2093 val_rmse_fwi=14.7991
2026-09-03 20:00:53,114 [INFO] tag=AB seed=3 epoch=8 train_loss_std=0.2052 val_rmse_fwi=14.5451
2026-09-03 20:01:10,518 [INFO] tag=AB seed=3 epoch=9 train_loss_std=0.2018 val_rmse_fwi=14.5586
2026-09-03 20:01:27,921 [INFO] tag=AB seed=3 epoch=10 train_loss_std=0.1989 val_rmse_fwi=14.7693
2026-09-03 20:01:45,329 [INFO] tag=AB seed=3 epoch=11 train_loss_std=0.1959 val_rmse_fwi=14.6050
2026-09-03 20:02:02,736 [INFO] tag=AB seed=3 epoch=12 train_loss_std=0.1938 val_rmse_fwi=14.7548
2026-09-03 20:02:20,149 [INFO] tag=AB seed=3 epoch=13 train_loss_std=0.1914 val_rmse_fwi=14.6114
2026-09-03 20:02:20,149 [INFO] early stopping at epoch=13 (best val_rmse_fwi=14.1589)
2026-09-03 20:02:23,870 [INFO] DONE tag=AB seed=3 pooled_all={'units': 'fwi', 'n': 412880, 'kge': 0.8416081218605115, 'r': 0.8848695103394237, 'alpha': 0.8912215235694577, 'beta': 0.9995522539553782, 'r2': 0.7829533021430305, 'rmse': 14.83341094106866, 'mae': 10.509764460653082, 'nrmse': 0.4658827082613922, 'group': 'All'} wall_time=260s
