2026-09-04 14:27:22,815 [INFO] run_id=ablation-ABC-seed3_20260904T182722Z_c47f0a28 git_commit=1ee7ddb221dfc3a9219ba970d2ec928831ebbe94
2026-09-04 14:27:22,819 [INFO] branches=('A', 'B', 'C') extra_precip=False seed=3 tag=ABC
2026-09-04 14:27:25,515 [INFO] sample table n=2054475 exclusions={'cells_dropped_no_cluster_assignment': 0, 'candidate_grid_weeks_before_exclusion': 2054475, 'excluded_missing_branch_a': 0, 'excluded_missing_branch_b_window': 0, 'excluded_missing_precip_history': 0, 'excluded_missing_target': 0, 'kept_samples': 2054475}
2026-09-04 14:27:25,671 [INFO] split counts: {'test': 412880, 'train': 1435155, 'val': 206440}
2026-09-04 14:27:34,663 [INFO] device=cuda train n=1435155 val n=206440 test n=412880
2026-09-04 14:27:53,430 [INFO] tag=ABC seed=3 epoch=0 train_loss_std=0.3223 val_rmse_fwi=14.0800
2026-09-04 14:28:10,868 [INFO] tag=ABC seed=3 epoch=1 train_loss_std=0.2590 val_rmse_fwi=14.4097
2026-09-04 14:28:28,314 [INFO] tag=ABC seed=3 epoch=2 train_loss_std=0.2410 val_rmse_fwi=14.1026
2026-09-04 14:28:45,762 [INFO] tag=ABC seed=3 epoch=3 train_loss_std=0.2297 val_rmse_fwi=14.2299
2026-09-04 14:29:03,210 [INFO] tag=ABC seed=3 epoch=4 train_loss_std=0.2213 val_rmse_fwi=14.0476
2026-09-04 14:29:20,659 [INFO] tag=ABC seed=3 epoch=5 train_loss_std=0.2149 val_rmse_fwi=13.9723
2026-09-04 14:29:38,113 [INFO] tag=ABC seed=3 epoch=6 train_loss_std=0.2095 val_rmse_fwi=14.1668
2026-09-04 14:29:55,568 [INFO] tag=ABC seed=3 epoch=7 train_loss_std=0.2056 val_rmse_fwi=14.0485
2026-09-04 14:30:13,026 [INFO] tag=ABC seed=3 epoch=8 train_loss_std=0.2011 val_rmse_fwi=14.0736
2026-09-04 14:30:30,482 [INFO] tag=ABC seed=3 epoch=9 train_loss_std=0.1980 val_rmse_fwi=14.3017
2026-09-04 14:30:47,938 [INFO] tag=ABC seed=3 epoch=10 train_loss_std=0.1948 val_rmse_fwi=14.4459
2026-09-04 14:31:05,446 [INFO] tag=ABC seed=3 epoch=11 train_loss_std=0.1924 val_rmse_fwi=14.2998
2026-09-04 14:31:22,932 [INFO] tag=ABC seed=3 epoch=12 train_loss_std=0.1901 val_rmse_fwi=14.2229
2026-09-04 14:31:40,422 [INFO] tag=ABC seed=3 epoch=13 train_loss_std=0.1881 val_rmse_fwi=14.1628
2026-09-04 14:31:40,422 [INFO] early stopping at epoch=13 (best val_rmse_fwi=13.9723)
2026-09-04 14:31:44,182 [INFO] DONE tag=ABC seed=3 pooled_all={'units': 'fwi', 'n': 412880, 'kge': 0.8549201668718777, 'r': 0.8882467412547633, 'alpha': 0.9077004290338472, 'beta': 1.0063369030107865, 'r2': 0.7885236829238998, 'rmse': 14.641828183191683, 'mae': 10.234416389759186, 'nrmse': 0.45986554238831606, 'group': 'All'} wall_time=261s
