2026-09-03 18:33:39,616 [INFO] run_id=cluster-Mixed-Dry-seed1_20260903T223339Z_e007be16 git_commit=unknown
2026-09-03 18:33:39,621 [INFO] cluster=Mixed-Dry seed=1 lookback=60 run_id=cluster-Mixed-Dry-seed1_20260903T223339Z_e007be16
2026-09-03 18:33:40,068 [INFO] raw grid loaded: n_cells=1985 n_weeks=1095
2026-09-03 18:33:40,292 [INFO] sample table: n=279450 n_cells_in_cluster=270
2026-09-03 18:33:40,293 [INFO] exclusions: {'cells_dropped_no_cluster_assignment': 0, 'candidate_grid_weeks_before_exclusion': 279450, 'excluded_missing_branch_a': 0, 'excluded_missing_branch_b_window': 0, 'excluded_missing_target': 0, 'kept_samples': 279450}
2026-09-03 18:33:40,311 [INFO] split counts: {'test': 56160, 'train': 195210, 'val': 28080}
2026-09-03 18:33:40,892 [INFO] device=cuda (NVIDIA A2)
2026-09-03 18:33:41,600 [INFO] train n=195210 val n=28080 test n=56160
2026-09-03 18:33:45,403 [INFO] epoch=0 train_loss_std=0.4404 val_rmse_fwi=18.2999
2026-09-03 18:33:47,766 [INFO] epoch=1 train_loss_std=0.3238 val_rmse_fwi=17.4593
2026-09-03 18:33:50,137 [INFO] epoch=2 train_loss_std=0.2982 val_rmse_fwi=17.2022
2026-09-03 18:33:52,512 [INFO] epoch=3 train_loss_std=0.2801 val_rmse_fwi=17.1466
2026-09-03 18:33:54,889 [INFO] epoch=4 train_loss_std=0.2665 val_rmse_fwi=17.1269
2026-09-03 18:33:57,267 [INFO] epoch=5 train_loss_std=0.2565 val_rmse_fwi=16.9778
2026-09-03 18:33:59,645 [INFO] epoch=6 train_loss_std=0.2466 val_rmse_fwi=16.7201
2026-09-03 18:34:02,024 [INFO] epoch=7 train_loss_std=0.2364 val_rmse_fwi=17.0108
2026-09-03 18:34:04,403 [INFO] epoch=8 train_loss_std=0.2296 val_rmse_fwi=16.8662
2026-09-03 18:34:06,784 [INFO] epoch=9 train_loss_std=0.2221 val_rmse_fwi=16.7165
2026-09-03 18:34:09,166 [INFO] epoch=10 train_loss_std=0.2166 val_rmse_fwi=16.9409
2026-09-03 18:34:11,549 [INFO] epoch=11 train_loss_std=0.2110 val_rmse_fwi=16.6746
