2026-09-04 13:12:45,717 [INFO] run_id=cluster-ALL-seed4_20260904T171245Z_06acdb35 git_commit=1ee7ddb221dfc3a9219ba970d2ec928831ebbe94
2026-09-04 13:12:45,722 [INFO] cluster=ALL seed=4 lookback=60 run_id=cluster-ALL-seed4_20260904T171245Z_06acdb35
2026-09-04 13:12:46,170 [INFO] raw grid loaded: n_cells=1985 n_weeks=1095
2026-09-04 13:12:48,357 [INFO] sample table: n=2054475 n_cells_in_cluster=1985
2026-09-04 13:12:48,358 [INFO] exclusions: {'cells_dropped_no_cluster_assignment': 0, 'candidate_grid_weeks_before_exclusion': 2054475, 'excluded_missing_branch_a': 0, 'excluded_missing_branch_b_window': 0, 'excluded_missing_precip_history': 0, 'excluded_missing_target': 0, 'kept_samples': 2054475}
2026-09-04 13:12:48,518 [INFO] split counts: {'test': 412880, 'train': 1435155, 'val': 206440}
2026-09-04 13:12:52,081 [INFO] device=cuda (NVIDIA A2)
2026-09-04 13:12:57,293 [INFO] train n=1435155 val n=206440 test n=412880
2026-09-04 13:13:17,720 [INFO] epoch=0 train_loss_std=0.3231 val_rmse_fwi=14.3577
2026-09-04 13:13:35,161 [INFO] epoch=1 train_loss_std=0.2616 val_rmse_fwi=13.8856
2026-09-04 13:13:52,610 [INFO] epoch=2 train_loss_std=0.2442 val_rmse_fwi=13.8843
2026-09-04 13:14:10,065 [INFO] epoch=3 train_loss_std=0.2322 val_rmse_fwi=14.0726
2026-09-04 13:14:27,524 [INFO] epoch=4 train_loss_std=0.2232 val_rmse_fwi=13.9726
2026-09-04 13:14:44,986 [INFO] epoch=5 train_loss_std=0.2158 val_rmse_fwi=14.4284
2026-09-04 13:15:02,450 [INFO] epoch=6 train_loss_std=0.2109 val_rmse_fwi=14.2854
2026-09-04 13:15:19,915 [INFO] epoch=7 train_loss_std=0.2056 val_rmse_fwi=14.3578
2026-09-04 13:15:37,380 [INFO] epoch=8 train_loss_std=0.2020 val_rmse_fwi=14.4330
2026-09-04 13:15:54,847 [INFO] epoch=9 train_loss_std=0.1981 val_rmse_fwi=14.4539
2026-09-04 13:16:12,314 [INFO] epoch=10 train_loss_std=0.1954 val_rmse_fwi=14.3244
2026-09-04 13:16:12,314 [INFO] early stopping at epoch=10 (best val_rmse_fwi=13.8843)
2026-09-04 13:16:16,318 [INFO] TEST (pooled, FWI units): {'units': 'fwi', 'n': 412880, 'kge': 0.8576475418486357, 'r': 0.8909384104345216, 'alpha': 0.9086391908456546, 'beta': 1.004795265774734, 'r2': 0.7934120407409982, 'rmse': 14.471612990680072, 'mae': 10.16249571147925, 'nrmse': 0.4545194817155825, 'group': 'domain'}
2026-09-04 13:16:16,320 [INFO] DONE cluster=ALL seed=4 wall_time=211s
