host=pfc050.pf.ornl.gov seed=4 args=--branches C
NVIDIA A2, 15356 MiB
2026-09-04 14:23:58,618 [INFO] run_id=ablation-C-seed4_20260904T182358Z_63b9c727 git_commit=1ee7ddb221dfc3a9219ba970d2ec928831ebbe94
2026-09-04 14:23:58,622 [INFO] branches=('C',) extra_precip=False seed=4 tag=C
2026-09-04 14:24:01,453 [INFO] sample table n=2054475 exclusions={'cells_dropped_no_cluster_assignment': 0, 'candidate_grid_weeks_before_exclusion': 2054475, 'excluded_missing_branch_a': 0, 'excluded_missing_branch_b_window': 0, 'excluded_missing_precip_history': 0, 'excluded_missing_target': 0, 'kept_samples': 2054475}
2026-09-04 14:24:01,609 [INFO] split counts: {'test': 412880, 'train': 1435155, 'val': 206440}
2026-09-04 14:24:02,333 [INFO] device=cuda train n=1435155 val n=206440 test n=412880
2026-09-04 14:24:04,819 [INFO] tag=C seed=4 epoch=0 train_loss_std=1.0003 val_rmse_fwi=23.7071
2026-09-04 14:24:05,990 [INFO] tag=C seed=4 epoch=1 train_loss_std=1.0000 val_rmse_fwi=23.6896
2026-09-04 14:24:07,157 [INFO] tag=C seed=4 epoch=2 train_loss_std=1.0000 val_rmse_fwi=23.6955
2026-09-04 14:24:08,325 [INFO] tag=C seed=4 epoch=3 train_loss_std=1.0000 val_rmse_fwi=23.6997
2026-09-04 14:24:09,492 [INFO] tag=C seed=4 epoch=4 train_loss_std=1.0000 val_rmse_fwi=23.7038
2026-09-04 14:24:10,662 [INFO] tag=C seed=4 epoch=5 train_loss_std=1.0000 val_rmse_fwi=23.6962
2026-09-04 14:24:11,833 [INFO] tag=C seed=4 epoch=6 train_loss_std=1.0000 val_rmse_fwi=23.6996
2026-09-04 14:24:13,002 [INFO] tag=C seed=4 epoch=7 train_loss_std=1.0000 val_rmse_fwi=23.7057
2026-09-04 14:24:14,173 [INFO] tag=C seed=4 epoch=8 train_loss_std=1.0000 val_rmse_fwi=23.7295
2026-09-04 14:24:15,345 [INFO] tag=C seed=4 epoch=9 train_loss_std=1.0000 val_rmse_fwi=23.7194
2026-09-04 14:24:15,345 [INFO] early stopping at epoch=9 (best val_rmse_fwi=23.6896)
/projects/hpcl-cli185/users/ktk/envs/pgtm2/lib/python3.11/site-packages/numpy/lib/_function_base_impl.py:3023: RuntimeWarning: invalid value encountered in divide
  c /= stddev[:, None]
/projects/hpcl-cli185/users/ktk/envs/pgtm2/lib/python3.11/site-packages/numpy/lib/_function_base_impl.py:3024: RuntimeWarning: invalid value encountered in divide
  c /= stddev[None, :]
2026-09-04 14:24:16,115 [INFO] DONE tag=C seed=4 pooled_all={'units': 'fwi', 'n': 412880, 'kge': 0.30688975410242747, 'r': 0.5305678970677439, 'alpha': 0.490395692949753, 'beta': 1.0184055410306465, 'r2': 0.2792123786754047, 'rmse': 27.0313724710061, 'mae': 21.082030643088125, 'nrmse': 0.8489921208848732, 'group': 'All'} wall_time=17s
{"tag": "C", "branches": ["C"], "extra_precip": false, "seed": 4, "branch_a_in": 7, "n_train": 1435155, "n_test": 412880, "epochs_trained": 10, "best_val_rmse_fwi": 23.68964573796718, "pooled_all_test": {"units": "fwi", "n": 412880, "kge": 0.30688975410242747, "r": 0.5305678970677439, "alpha": 0.490395692949753, "beta": 1.0184055410306465, "r2": 0.2792123786754047, "rmse": 27.0313724710061, "mae": 21.082030643088125, "nrmse": 0.8489921208848732, "group": "All"}, "wall_time_sec": 17.489075422286987}
