host=pfc031.pf.ornl.gov cluster=ALL seed=1
NVIDIA A2, 15356 MiB
2026-09-04 13:12:51,165 [INFO] run_id=cluster-ALL-seed1_20260904T171251Z_9c7594f7 git_commit=1ee7ddb221dfc3a9219ba970d2ec928831ebbe94
2026-09-04 13:12:51,170 [INFO] cluster=ALL seed=1 lookback=60 run_id=cluster-ALL-seed1_20260904T171251Z_9c7594f7
2026-09-04 13:12:52,936 [INFO] raw grid loaded: n_cells=1985 n_weeks=1095
2026-09-04 13:12:55,021 [INFO] sample table: n=2054475 n_cells_in_cluster=1985
2026-09-04 13:12:55,021 [INFO] exclusions: {'cells_dropped_no_cluster_assignment': 0, 'candidate_grid_weeks_before_exclusion': 2054475, 'excluded_missing_branch_a': 0, 'excluded_missing_branch_b_window': 0, 'excluded_missing_precip_history': 0, 'excluded_missing_target': 0, 'kept_samples': 2054475}
2026-09-04 13:12:55,177 [INFO] split counts: {'test': 412880, 'train': 1435155, 'val': 206440}
2026-09-04 13:12:58,677 [INFO] device=cuda (NVIDIA A2)
2026-09-04 13:13:04,025 [INFO] train n=1435155 val n=206440 test n=412880
2026-09-04 13:13:25,101 [INFO] epoch=0 train_loss_std=0.3228 val_rmse_fwi=14.2389
2026-09-04 13:13:42,533 [INFO] epoch=1 train_loss_std=0.2609 val_rmse_fwi=13.9827
2026-09-04 13:13:59,980 [INFO] epoch=2 train_loss_std=0.2444 val_rmse_fwi=13.8541
2026-09-04 13:14:17,436 [INFO] epoch=3 train_loss_std=0.2333 val_rmse_fwi=14.1004
2026-09-04 13:14:34,898 [INFO] epoch=4 train_loss_std=0.2245 val_rmse_fwi=13.9414
2026-09-04 13:14:52,361 [INFO] epoch=5 train_loss_std=0.2178 val_rmse_fwi=13.9808
2026-09-04 13:15:09,829 [INFO] epoch=6 train_loss_std=0.2125 val_rmse_fwi=14.1948
2026-09-04 13:15:27,297 [INFO] epoch=7 train_loss_std=0.2083 val_rmse_fwi=14.1135
2026-09-04 13:15:44,768 [INFO] epoch=8 train_loss_std=0.2045 val_rmse_fwi=14.1560
2026-09-04 13:16:02,241 [INFO] epoch=9 train_loss_std=0.2008 val_rmse_fwi=14.2575
2026-09-04 13:16:19,714 [INFO] epoch=10 train_loss_std=0.1977 val_rmse_fwi=14.4170
2026-09-04 13:16:19,714 [INFO] early stopping at epoch=10 (best val_rmse_fwi=13.8541)
2026-09-04 13:16:23,759 [INFO] TEST (pooled, FWI units): {'units': 'fwi', 'n': 412880, 'kge': 0.8348152397172888, 'r': 0.8881807696787508, 'alpha': 0.8789366259170641, 'beta': 0.9887694961967279, 'r2': 0.7885279053583345, 'rmse': 14.641682009688742, 'mae': 10.269308298854813, 'nrmse': 0.45986095142082406, 'group': 'domain'}
2026-09-04 13:16:23,762 [INFO] DONE cluster=ALL seed=1 wall_time=213s
{"run_id": "cluster-ALL-seed1_20260904T171251Z_9c7594f7", "cluster": "ALL", "seed": 1, "lookback": 60, "n_train": 1435155, "n_val": 206440, "n_test": 412880, "exclusions": {"cells_dropped_no_cluster_assignment": 0, "candidate_grid_weeks_before_exclusion": 2054475, "excluded_missing_branch_a": 0, "excluded_missing_branch_b_window": 0, "excluded_missing_precip_history": 0, "excluded_missing_target": 0, "kept_samples": 2054475}, "split_counts": {"test": 412880, "train": 1435155, "val": 206440}, "best_val_rmse_fwi": 13.854130449860419, "epochs_trained": 11, "test_pooled_metrics_fwi": {"units": "fwi", "n": 412880, "kge": 0.8348152397172888, "r": 0.8881807696787508, "alpha": 0.8789366259170641, "beta": 0.9887694961967279, "r2": 0.7885279053583345, "rmse": 14.641682009688742, "mae": 10.269308298854813, "nrmse": 0.45986095142082406, "group": "domain"}, "wall_time_sec": 212.5892629623413}
