host=pfc034.pf.ornl.gov cluster=Mixed-Humid seed=1
NVIDIA A2, 15356 MiB
2026-09-03 18:33:39,583 [INFO] run_id=cluster-Mixed-Humid-seed1_20260903T223339Z_9acd8fe3 git_commit=unknown
2026-09-03 18:33:39,587 [INFO] cluster=Mixed-Humid seed=1 lookback=60 run_id=cluster-Mixed-Humid-seed1_20260903T223339Z_9acd8fe3
2026-09-03 18:33:40,008 [INFO] raw grid loaded: n_cells=1985 n_weeks=1095
2026-09-03 18:33:40,212 [INFO] sample table: n=257715 n_cells_in_cluster=249
2026-09-03 18:33:40,212 [INFO] exclusions: {'cells_dropped_no_cluster_assignment': 0, 'candidate_grid_weeks_before_exclusion': 257715, 'excluded_missing_branch_a': 0, 'excluded_missing_branch_b_window': 0, 'excluded_missing_target': 0, 'kept_samples': 257715}
2026-09-03 18:33:40,230 [INFO] split counts: {'test': 51792, 'train': 180027, 'val': 25896}
2026-09-03 18:33:40,749 [INFO] device=cuda (NVIDIA A2)
2026-09-03 18:33:41,436 [INFO] train n=180027 val n=25896 test n=51792
2026-09-03 18:33:45,081 [INFO] epoch=0 train_loss_std=0.4466 val_rmse_fwi=10.8132
2026-09-03 18:33:47,276 [INFO] epoch=1 train_loss_std=0.3065 val_rmse_fwi=10.3129
2026-09-03 18:33:49,467 [INFO] epoch=2 train_loss_std=0.2833 val_rmse_fwi=9.6106
2026-09-03 18:33:51,658 [INFO] epoch=3 train_loss_std=0.2668 val_rmse_fwi=9.3911
2026-09-03 18:33:53,849 [INFO] epoch=4 train_loss_std=0.2526 val_rmse_fwi=9.3458
2026-09-03 18:33:56,042 [INFO] epoch=5 train_loss_std=0.2393 val_rmse_fwi=9.3918
2026-09-03 18:33:58,236 [INFO] epoch=6 train_loss_std=0.2278 val_rmse_fwi=9.3156
2026-09-03 18:34:00,431 [INFO] epoch=7 train_loss_std=0.2170 val_rmse_fwi=9.2617
2026-09-03 18:34:02,627 [INFO] epoch=8 train_loss_std=0.2060 val_rmse_fwi=9.8432
2026-09-03 18:34:04,822 [INFO] epoch=9 train_loss_std=0.1991 val_rmse_fwi=9.4785
2026-09-03 18:34:07,018 [INFO] epoch=10 train_loss_std=0.1933 val_rmse_fwi=9.4073
2026-09-03 18:34:09,215 [INFO] epoch=11 train_loss_std=0.1890 val_rmse_fwi=9.7352
2026-09-03 18:34:11,417 [INFO] epoch=12 train_loss_std=0.1834 val_rmse_fwi=9.8306
slurmstepd: error: *** JOB 510705 ON pfc034 CANCELLED AT 2026-09-03T18:34:12 ***
