host=pfc033.pf.ornl.gov cluster=ALL seed=0
NVIDIA A2, 15356 MiB
2026-09-03 18:26:41,176 [INFO] run_id=cluster-ALL-seed0_20260903T222641Z_5768ae15 git_commit=unknown
2026-09-03 18:26:41,180 [INFO] cluster=ALL seed=0 lookback=60 run_id=cluster-ALL-seed0_20260903T222641Z_5768ae15
2026-09-03 18:26:41,636 [INFO] raw grid loaded: n_cells=1985 n_weeks=1095
2026-09-03 18:26:43,240 [INFO] sample table: n=2054475 n_cells_in_cluster=1985
2026-09-03 18:26:43,241 [INFO] exclusions: {'cells_dropped_no_cluster_assignment': 0, 'candidate_grid_weeks_before_exclusion': 2054475, 'excluded_missing_branch_a': 0, 'excluded_missing_branch_b_window': 0, 'excluded_missing_target': 0, 'kept_samples': 2054475}
2026-09-03 18:26:43,397 [INFO] split counts: {'test': 412880, 'train': 1435155, 'val': 206440}
2026-09-03 18:26:46,822 [INFO] device=cuda (NVIDIA A2)
2026-09-03 18:26:51,854 [INFO] train n=1435155 val n=206440 test n=412880
2026-09-03 18:27:10,756 [INFO] epoch=0 train_loss_std=0.3275 val_rmse_fwi=14.1224
2026-09-03 18:27:28,235 [INFO] epoch=1 train_loss_std=0.2651 val_rmse_fwi=14.0216
2026-09-03 18:27:45,721 [INFO] epoch=2 train_loss_std=0.2470 val_rmse_fwi=14.0847
2026-09-03 18:28:03,218 [INFO] epoch=3 train_loss_std=0.2358 val_rmse_fwi=14.1156
2026-09-03 18:28:20,718 [INFO] epoch=4 train_loss_std=0.2274 val_rmse_fwi=14.2607
2026-09-03 18:28:38,224 [INFO] epoch=5 train_loss_std=0.2208 val_rmse_fwi=14.5118
2026-09-03 18:28:55,734 [INFO] epoch=6 train_loss_std=0.2151 val_rmse_fwi=14.6681
2026-09-03 18:29:13,247 [INFO] epoch=7 train_loss_std=0.2108 val_rmse_fwi=14.4630
2026-09-03 18:29:30,762 [INFO] epoch=8 train_loss_std=0.2068 val_rmse_fwi=14.7414
2026-09-03 18:29:48,278 [INFO] epoch=9 train_loss_std=0.2034 val_rmse_fwi=14.4299
2026-09-03 18:29:48,278 [INFO] early stopping at epoch=9 (best val_rmse_fwi=14.0216)
2026-09-03 18:29:52,263 [INFO] TEST (pooled, FWI units): {'units': 'fwi', 'n': 412880, 'kge': 0.8446732151589297, 'r': 0.8851683623122564, 'alpha': 0.8974810973505455, 'beta': 1.0207359512578178, 'r2': 0.7825132681055458, 'rmse': 14.848439736378534, 'mae': 10.581602191209885, 'nrmse': 0.4663547275352253, 'group': 'domain'}
2026-09-03 18:29:52,266 [INFO] DONE cluster=ALL seed=0 wall_time=191s
{"run_id": "cluster-ALL-seed0_20260903T222641Z_5768ae15", "cluster": "ALL", "seed": 0, "lookback": 60, "n_train": 1435155, "n_val": 206440, "n_test": 412880, "exclusions": {"cells_dropped_no_cluster_assignment": 0, "candidate_grid_weeks_before_exclusion": 2054475, "excluded_missing_branch_a": 0, "excluded_missing_branch_b_window": 0, "excluded_missing_target": 0, "kept_samples": 2054475}, "split_counts": {"test": 412880, "train": 1435155, "val": 206440}, "best_val_rmse_fwi": 14.021609219936778, "epochs_trained": 10, "test_pooled_metrics_fwi": {"units": "fwi", "n": 412880, "kge": 0.8446732151589297, "r": 0.8851683623122564, "alpha": 0.8974810973505455, "beta": 1.0207359512578178, "r2": 0.7825132681055458, "rmse": 14.848439736378534, "mae": 10.581602191209885, "nrmse": 0.4663547275352253, "group": "domain"}, "wall_time_sec": 191.0831561088562}
