host=pfc059.pf.ornl.gov seed=4 args=--branches C
NVIDIA A2, 15356 MiB
2026-09-03 20:06:16,934 [INFO] run_id=ablation-C-seed4_20260904T000616Z_282a2954 git_commit=unknown
2026-09-03 20:06:16,939 [INFO] branches=('C',) extra_precip=False seed=4 tag=C
2026-09-03 20:06:26,867 [INFO] sample table n=2054475 exclusions={'cells_dropped_no_cluster_assignment': 0, 'candidate_grid_weeks_before_exclusion': 2054475, 'excluded_missing_branch_a': 0, 'excluded_missing_branch_b_window': 0, 'excluded_missing_precip_history': 0, 'excluded_missing_target': 0, 'kept_samples': 2054475}
2026-09-03 20:06:27,064 [INFO] split counts: {'test': 412880, 'train': 1435155, 'val': 206440}
2026-09-03 20:06:27,806 [INFO] device=cuda train n=1435155 val n=206440 test n=412880
2026-09-03 20:06:31,755 [INFO] tag=C seed=4 epoch=0 train_loss_std=1.0002 val_rmse_fwi=23.7134
2026-09-03 20:06:33,122 [INFO] tag=C seed=4 epoch=1 train_loss_std=1.0000 val_rmse_fwi=23.6901
2026-09-03 20:06:34,495 [INFO] tag=C seed=4 epoch=2 train_loss_std=1.0000 val_rmse_fwi=23.6908
2026-09-03 20:06:35,887 [INFO] tag=C seed=4 epoch=3 train_loss_std=1.0000 val_rmse_fwi=23.6998
2026-09-03 20:06:37,343 [INFO] tag=C seed=4 epoch=4 train_loss_std=1.0000 val_rmse_fwi=23.7038
2026-09-03 20:06:38,731 [INFO] tag=C seed=4 epoch=5 train_loss_std=1.0000 val_rmse_fwi=23.6961
2026-09-03 20:06:40,111 [INFO] tag=C seed=4 epoch=6 train_loss_std=1.0000 val_rmse_fwi=23.6996
2026-09-03 20:06:41,494 [INFO] tag=C seed=4 epoch=7 train_loss_std=1.0000 val_rmse_fwi=23.7057
2026-09-03 20:06:42,873 [INFO] tag=C seed=4 epoch=8 train_loss_std=1.0000 val_rmse_fwi=23.7328
2026-09-03 20:06:44,266 [INFO] tag=C seed=4 epoch=9 train_loss_std=1.0000 val_rmse_fwi=23.7195
2026-09-03 20:06:44,266 [INFO] early stopping at epoch=9 (best val_rmse_fwi=23.6901)
/projects/hpcl-cli185/users/ktk/envs/pgtm2/lib/python3.11/site-packages/numpy/lib/_function_base_impl.py:3023: RuntimeWarning: invalid value encountered in divide
  c /= stddev[:, None]
/projects/hpcl-cli185/users/ktk/envs/pgtm2/lib/python3.11/site-packages/numpy/lib/_function_base_impl.py:3024: RuntimeWarning: invalid value encountered in divide
  c /= stddev[None, :]
2026-09-03 20:06:45,298 [INFO] DONE tag=C seed=4 pooled_all={'units': 'fwi', 'n': 412880, 'kge': 0.30690208016544995, 'r': 0.5305784360771565, 'alpha': 0.4904076472197187, 'beta': 1.0185406523906124, 'r2': 0.27921371302372444, 'rmse': 27.03134745026347, 'mae': 21.08290943085574, 'nrmse': 0.8489913350419281, 'group': 'All'} wall_time=28s
{"tag": "C", "branches": ["C"], "extra_precip": false, "seed": 4, "branch_a_in": 7, "n_train": 1435155, "n_test": 412880, "epochs_trained": 10, "best_val_rmse_fwi": 23.690136329151702, "pooled_all_test": {"units": "fwi", "n": 412880, "kge": 0.30690208016544995, "r": 0.5305784360771565, "alpha": 0.4904076472197187, "beta": 1.0185406523906124, "r2": 0.27921371302372444, "rmse": 27.03134745026347, "mae": 21.08290943085574, "nrmse": 0.8489913350419281, "group": "All"}, "wall_time_sec": 28.355337619781494}
